


ARM Macro Assembler    Page 1 


    1 00000000                 PRESERVE8
    2 00000000                 THUMB
    3 00000000         
    4 00000000                 export           CallbackSon
    5 00000000                 export           SortieSon
    6 00000000                 import           LongueurSon
    7 00000000                 import           Son
    8 00000000         ; ====================== zone de réservation de données,
                         ======================================
    9 00000000         ;Section RAM (read only) :
   10 00000000                 area             mesdata,data,readonly
   11 00000000         
   12 00000000         
   13 00000000         ;Section RAM (read write):
   14 00000000                 area             maram,data,readwrite
   15 00000000         
   16 00000000 00 00   SortieSon
                               dcw              0
   17 00000002         
   18 00000002 00 00   position
                               dcw              0
   19 00000004         
   20 00000004         
   21 00000004         
   22 00000004         ; ======================================================
                       =========================================
   23 00000004         
   24 00000004         
   25 00000004         
   26 00000004         
   27 00000004         ;Section ROM code (read only) :  
   28 00000004                 area             moncode,code,readonly
   29 00000000         ; écrire le code ici  
   30 00000000         
   31 00000000         
   32 00000000         CallbackSon
                               PROC
   33 00000000 B500            push             {lr}
   34 00000002         
   35 00000002 490E            ldr              r1,=LongueurSon
   36 00000004 4A0E            ldr              r2,=position
   37 00000006 6813            ldr              r3,[r2]
   38 00000008 680C            ldr              r4,[r1]
   39 0000000A         
   40 0000000A 42A3            cmp              r3,r4
   41 0000000C DA12            bge              Sortie      ; if (position >= L
                                                            ongueurSon)
   42 0000000E         
   43 0000000E 4D0D            ldr              r5,=Son
   44 00000010 F935 6013       ldrsh            r6,[r5,r3,lsl #1] ; chargement 
                                                            de la valeur de Son
                                                            [position]
   45 00000014 F44F 77B4       ldr              r7,=360
   46 00000018 F249 1893       ldr              r8,=37267
   47 0000001C         
   48 0000001C         
   49 0000001C         ; on fait : son[position]* (360/37267)+360
   50 0000001C FB06 F607       mul              r6,r6,r7
   51 00000020 FB96 F6F8       sdiv             r6,r6,r8



ARM Macro Assembler    Page 2 


   52 00000024 443E            add              r6,r6,r7
   53 00000026         
   54 00000026 F8DF 9020       ldr              r9,=SortieSon
   55 0000002A F8A9 6000       strh             r6,[r9]
   56 0000002E         
   57 0000002E F103 0301       add              r3,r3,#1
   58 00000032 8013            strh             r3,[r2]     ; on incremente pos
                                                            ition
   59 00000034         
   60 00000034         
   61 00000034         Sortie                               ; si position >= Lo
                                                            ngueurSon
   62 00000034 F85D EB04       pop              {lr}
   63 00000038 4770            bx               lr
   64 0000003A         
   65 0000003A                 ENDP
   66 0000003A         
   67 0000003A         
   68 0000003A         
   69 0000003A         
   70 0000003A                 END
              00 00 00000000 
              00000000 
              00000000 
              00000000 
Command Line: --debug --xref --diag_suppress=9931 --cpu=Cortex-M3 --apcs=interw
ork --depend=.\obj\gestionson.d -o.\obj\gestionson.o -I.\RTE\_Simu -IC:\Program
data\Keil\Arm\Packs\ARM\CMSIS\5.7.0\CMSIS\Core\Include -IC:\Programdata\Keil\Ar
m\Packs\Keil\STM32F1xx_DFP\2.3.0\Device\Include --predefine="__EVAL SETA 1" --p
redefine="__MICROLIB SETA 1" --predefine="__UVISION_VERSION SETA 534" --predefi
ne="_RTE_ SETA 1" --predefine="STM32F10X_MD SETA 1" --predefine="_RTE_ SETA 1" 
--list=gestionson.lst Src\GestionSon.s



ARM Macro Assembler    Page 1 Alphabetic symbol ordering
Relocatable symbols

mesdata 00000000

Symbol: mesdata
   Definitions
      At line 10 in file Src\GestionSon.s
   Uses
      None
Comment: mesdata unused
1 symbol



ARM Macro Assembler    Page 1 Alphabetic symbol ordering
Relocatable symbols

SortieSon 00000000

Symbol: SortieSon
   Definitions
      At line 16 in file Src\GestionSon.s
   Uses
      At line 5 in file Src\GestionSon.s
      At line 54 in file Src\GestionSon.s

maram 00000000

Symbol: maram
   Definitions
      At line 14 in file Src\GestionSon.s
   Uses
      None
Comment: maram unused
position 00000002

Symbol: position
   Definitions
      At line 18 in file Src\GestionSon.s
   Uses
      At line 36 in file Src\GestionSon.s
Comment: position used once
3 symbols



ARM Macro Assembler    Page 1 Alphabetic symbol ordering
Relocatable symbols

CallbackSon 00000000

Symbol: CallbackSon
   Definitions
      At line 32 in file Src\GestionSon.s
   Uses
      At line 4 in file Src\GestionSon.s
Comment: CallbackSon used once
Sortie 00000034

Symbol: Sortie
   Definitions
      At line 61 in file Src\GestionSon.s
   Uses
      At line 41 in file Src\GestionSon.s
Comment: Sortie used once
moncode 00000000

Symbol: moncode
   Definitions
      At line 28 in file Src\GestionSon.s
   Uses
      None
Comment: moncode unused
3 symbols



ARM Macro Assembler    Page 1 Alphabetic symbol ordering
External symbols

LongueurSon 00000000

Symbol: LongueurSon
   Definitions
      At line 6 in file Src\GestionSon.s
   Uses
      At line 35 in file Src\GestionSon.s
Comment: LongueurSon used once
Son 00000000

Symbol: Son
   Definitions
      At line 7 in file Src\GestionSon.s
   Uses
      At line 43 in file Src\GestionSon.s
Comment: Son used once
2 symbols
346 symbols in table
